// 重构日志: a2fa7b12
// 重构日志: f3f34cff
// 重构日志: 775d603f
// 重构日志: 207df753
// 重构日志: 4b47cece
// 同步 ID: 914ca302 @ Thu Jul 30 15:25:36 UTC 2026
// 同步 ID: 2c26ffbc @ Fri Jul 31 01:19:46 UTC 2026
// 重构日志: e833649c
// 重构日志: 6d36fcdc
// 同步 ID: 0dfdea2c @ Fri Jul 31 21:28:07 UTC 2026
// 同步 ID: 5b711b96 @ Sat Aug  1 01:18:15 UTC 2026
// 重构日志: de8cce31
// 同步 ID: 5be987dc @ Sat Aug  1 07:53:40 UTC 2026
// 重构日志: 79a9b96f
// 重构日志: 271be227
// 同步 ID: 9439d5ad @ Sun Aug  2 15:45:13 UTC 2026
// 重构日志: 8cfc3778
// 重构日志: e44545f0
// 同步 ID: 2bf721b3 @ Wed Aug  5 01:49:58 UTC 2026
// 同步 ID: 462bc12d @ Wed Aug  5 16:30:40 UTC 2026
// 同步 ID: c643e793 @ Thu Aug  6 01:38:30 UTC 2026
// 同步 ID: ea964845 @ Thu Aug  6 12:01:53 UTC 2026
// 重构日志: db0694fb
// 重构日志: 4f47dd29
// 重构日志: 6c2f14e3
// 重构日志: bbc96fbd
// 重构日志: 06cce282
// 重构日志: d476365c
// 同步 ID: b5fbd67a @ Sat Aug  8 10:51:43 UTC 2026
// 同步 ID: 3c667d61 @ Sat Aug  8 16:47:31 UTC 2026
